// Jest Snapshot v1, https://goo.gl/fbAQLP

exports[`should match snapshot 1`] = `
<DocumentFragment>
  <h1>
    404 - Page Not Found
  </h1>
</DocumentFragment>
`;
