// Jest Snapshot v1, https://goo.gl/fbAQLP

exports[`Overview Tooltip should create a simple tooltip 1`] = `
<DocumentFragment>
  <div
    class="custom-tooltip"
  >
    <div>
      toto
    </div>
    <div>
      42 décès
    </div>
  </div>
</DocumentFragment>
`;

exports[`Overview Tooltip should not create a tooltip 1`] = `<DocumentFragment />`;
